Analysis & Synthesis report for Ass1
Mon Nov 15 13:56:18 2021
Quartus Prime Version 18.1.0 Build 625 09/12/2018 SJ Lite Edition


---------------------
; Table of Contents ;
---------------------
  1. Legal Notice
  2. Analysis & Synthesis Summary
  3. Analysis & Synthesis Settings
  4. Parallel Compilation
  5. Analysis & Synthesis Source Files Read
  6. Analysis & Synthesis Resource Usage Summary
  7. Analysis & Synthesis Resource Utilization by Entity
  8. General Register Statistics
  9. Multiplexer Restructuring Statistics (Restructuring Performed)
 10. Parameter Settings for User Entity Instance: EU:inst|BUSMUX:inst8
 11. Parameter Settings for User Entity Instance: EU:inst|decoder:inst4|SourDest:inst|Ass1:inst|BUSMUX:inst2
 12. Parameter Settings for User Entity Instance: EU:inst|decoder:inst4|SourDest:inst|Ass1:inst|BUSMUX:inst
 13. Parameter Settings for User Entity Instance: EU:inst|decoder:inst4|SourDest:inst|Ass1:inst|BUSMUX:inst1
 14. Parameter Settings for User Entity Instance: EU:inst|decoder:inst4|SourDest:inst|Ass1:inst1|BUSMUX:inst2
 15. Parameter Settings for User Entity Instance: EU:inst|decoder:inst4|SourDest:inst|Ass1:inst1|BUSMUX:inst
 16. Parameter Settings for User Entity Instance: EU:inst|decoder:inst4|SourDest:inst|Ass1:inst1|BUSMUX:inst1
 17. Parameter Settings for User Entity Instance: EU:inst|BUSMUX:inst6
 18. Parameter Settings for User Entity Instance: EU:inst|ALU:inst3|Ass1:inst|BUSMUX:inst2
 19. Parameter Settings for User Entity Instance: EU:inst|ALU:inst3|Ass1:inst|BUSMUX:inst
 20. Parameter Settings for User Entity Instance: EU:inst|ALU:inst3|Ass1:inst|BUSMUX:inst1
 21. Parameter Settings for User Entity Instance: EU:inst|BUSMUX:inst5
 22. Post-Synthesis Netlist Statistics for Top Partition
 23. Elapsed Time Per Partition
 24. Analysis & Synthesis Messages



----------------
; Legal Notice ;
----------------
Copyright (C) 2018  Intel Corporation. All rights reserved.
Your use of Intel Corporation's design tools, logic functions 
and other software and tools, and its AMPP partner logic 
functions, and any output files from any of the foregoing 
(including device programming or simulation files), and any 
associated documentation or information are expressly subject 
to the terms and conditions of the Intel Program License 
Subscription Agreement, the Intel Quartus Prime License Agreement,
the Intel FPGA IP License Agreement, or other applicable license
agreement, including, without limitation, that your use is for
the sole purpose of programming logic devices manufactured by
Intel and sold by Intel or its authorized distributors.  Please
refer to the applicable agreement for further details.



+-------------------------------------------------------------------------------+
; Analysis & Synthesis Summary                                                  ;
+---------------------------------+---------------------------------------------+
; Analysis & Synthesis Status     ; Successful - Mon Nov 15 13:56:18 2021       ;
; Quartus Prime Version           ; 18.1.0 Build 625 09/12/2018 SJ Lite Edition ;
; Revision Name                   ; Ass1                                        ;
; Top-level Entity Name           ; ExecutionUnit                               ;
; Family                          ; Cyclone V                                   ;
; Logic utilization (in ALMs)     ; N/A                                         ;
; Total registers                 ; 12                                          ;
; Total pins                      ; 27                                          ;
; Total virtual pins              ; 0                                           ;
; Total block memory bits         ; 0                                           ;
; Total DSP Blocks                ; 0                                           ;
; Total HSSI RX PCSs              ; 0                                           ;
; Total HSSI PMA RX Deserializers ; 0                                           ;
; Total HSSI TX PCSs              ; 0                                           ;
; Total HSSI PMA TX Serializers   ; 0                                           ;
; Total PLLs                      ; 0                                           ;
; Total DLLs                      ; 0                                           ;
+---------------------------------+---------------------------------------------+


+---------------------------------------------------------------------------------------------------------------------------+
; Analysis & Synthesis Settings                                                                                             ;
+---------------------------------------------------------------------------------+--------------------+--------------------+
; Option                                                                          ; Setting            ; Default Value      ;
+---------------------------------------------------------------------------------+--------------------+--------------------+
; Device                                                                          ; 5CSEMA5F31C6       ;                    ;
; Top-level entity name                                                           ; ExecutionUnit      ; Ass1               ;
; Family name                                                                     ; Cyclone V          ; Cyclone V          ;
; Use smart compilation                                                           ; Off                ; Off                ;
; Enable parallel Assembler and Timing Analyzer during compilation                ; On                 ; On                 ;
; Enable compact report table                                                     ; Off                ; Off                ;
; Restructure Multiplexers                                                        ; Auto               ; Auto               ;
; MLAB Add Timing Constraints For Mixed-Port Feed-Through Mode Setting Don't Care ; Off                ; Off                ;
; Create Debugging Nodes for IP Cores                                             ; Off                ; Off                ;
; Preserve fewer node names                                                       ; On                 ; On                 ;
; Intel FPGA IP Evaluation Mode                                                   ; Enable             ; Enable             ;
; Verilog Version                                                                 ; Verilog_2001       ; Verilog_2001       ;
; VHDL Version                                                                    ; VHDL_1993          ; VHDL_1993          ;
; State Machine Processing                                                        ; Auto               ; Auto               ;
; Safe State Machine                                                              ; Off                ; Off                ;
; Extract Verilog State Machines                                                  ; On                 ; On                 ;
; Extract VHDL State Machines                                                     ; On                 ; On                 ;
; Ignore Verilog initial constructs                                               ; Off                ; Off                ;
; Iteration limit for constant Verilog loops                                      ; 5000               ; 5000               ;
; Iteration limit for non-constant Verilog loops                                  ; 250                ; 250                ;
; Add Pass-Through Logic to Inferred RAMs                                         ; On                 ; On                 ;
; Infer RAMs from Raw Logic                                                       ; On                 ; On                 ;
; Parallel Synthesis                                                              ; On                 ; On                 ;
; DSP Block Balancing                                                             ; Auto               ; Auto               ;
; NOT Gate Push-Back                                                              ; On                 ; On                 ;
; Power-Up Don't Care                                                             ; On                 ; On                 ;
; Remove Redundant Logic Cells                                                    ; Off                ; Off                ;
; Remove Duplicate Registers                                                      ; On                 ; On                 ;
; Ignore CARRY Buffers                                                            ; Off                ; Off                ;
; Ignore CASCADE Buffers                                                          ; Off                ; Off                ;
; Ignore GLOBAL Buffers                                                           ; Off                ; Off                ;
; Ignore ROW GLOBAL Buffers                                                       ; Off                ; Off                ;
; Ignore LCELL Buffers                                                            ; Off                ; Off                ;
; Ignore SOFT Buffers                                                             ; On                 ; On                 ;
; Limit AHDL Integers to 32 Bits                                                  ; Off                ; Off                ;
; Optimization Technique                                                          ; Balanced           ; Balanced           ;
; Carry Chain Length                                                              ; 70                 ; 70                 ;
; Auto Carry Chains                                                               ; On                 ; On                 ;
; Auto Open-Drain Pins                                                            ; On                 ; On                 ;
; Perform WYSIWYG Primitive Resynthesis                                           ; Off                ; Off                ;
; Auto ROM Replacement                                                            ; On                 ; On                 ;
; Auto RAM Replacement                                                            ; On                 ; On                 ;
; Auto DSP Block Replacement                                                      ; On                 ; On                 ;
; Auto Shift Register Replacement                                                 ; Auto               ; Auto               ;
; Allow Shift Register Merging across Hierarchies                                 ; Auto               ; Auto               ;
; Auto Clock Enable Replacement                                                   ; On                 ; On                 ;
; Strict RAM Replacement                                                          ; Off                ; Off                ;
; Allow Synchronous Control Signals                                               ; On                 ; On                 ;
; Force Use of Synchronous Clear Signals                                          ; Off                ; Off                ;
; Auto Resource Sharing                                                           ; Off                ; Off                ;
; Allow Any RAM Size For Recognition                                              ; Off                ; Off                ;
; Allow Any ROM Size For Recognition                                              ; Off                ; Off                ;
; Allow Any Shift Register Size For Recognition                                   ; Off                ; Off                ;
; Use LogicLock Constraints during Resource Balancing                             ; On                 ; On                 ;
; Ignore translate_off and synthesis_off directives                               ; Off                ; Off                ;
; Timing-Driven Synthesis                                                         ; On                 ; On                 ;
; Report Parameter Settings                                                       ; On                 ; On                 ;
; Report Source Assignments                                                       ; On                 ; On                 ;
; Report Connectivity Checks                                                      ; On                 ; On                 ;
; Ignore Maximum Fan-Out Assignments                                              ; Off                ; Off                ;
; Synchronization Register Chain Length                                           ; 3                  ; 3                  ;
; Power Optimization During Synthesis                                             ; Normal compilation ; Normal compilation ;
; HDL message level                                                               ; Level2             ; Level2             ;
; Suppress Register Optimization Related Messages                                 ; Off                ; Off                ;
; Number of Removed Registers Reported in Synthesis Report                        ; 5000               ; 5000               ;
; Number of Swept Nodes Reported in Synthesis Report                              ; 5000               ; 5000               ;
; Number of Inverted Registers Reported in Synthesis Report                       ; 100                ; 100                ;
; Clock MUX Protection                                                            ; On                 ; On                 ;
; Auto Gated Clock Conversion                                                     ; Off                ; Off                ;
; Block Design Naming                                                             ; Auto               ; Auto               ;
; SDC constraint protection                                                       ; Off                ; Off                ;
; Synthesis Effort                                                                ; Auto               ; Auto               ;
; Shift Register Replacement - Allow Asynchronous Clear Signal                    ; On                 ; On                 ;
; Pre-Mapping Resynthesis Optimization                                            ; Off                ; Off                ;
; Analysis & Synthesis Message Level                                              ; Medium             ; Medium             ;
; Disable Register Merging Across Hierarchies                                     ; Auto               ; Auto               ;
; Resource Aware Inference For Block RAM                                          ; On                 ; On                 ;
; Automatic Parallel Synthesis                                                    ; On                 ; On                 ;
; Partial Reconfiguration Bitstream ID                                            ; Off                ; Off                ;
+---------------------------------------------------------------------------------+--------------------+--------------------+


+------------------------------------------+
; Parallel Compilation                     ;
+----------------------------+-------------+
; Processors                 ; Number      ;
+----------------------------+-------------+
; Number detected on machine ; 12          ;
; Maximum allowed            ; 6           ;
;                            ;             ;
; Average used               ; 1.00        ;
; Maximum used               ; 6           ;
;                            ;             ;
; Usage by Processor         ; % Time Used ;
;     Processor 1            ; 100.0%      ;
;     Processors 2-6         ;   0.0%      ;
+----------------------------+-------------+


+--------------------------------------------------------------------------------------------------------------------------------------------------------------------------------------------------------------------------------------------+
; Analysis & Synthesis Source Files Read                                                                                                                                                                                                     ;
+----------------------------------+-----------------+------------------------------------+----------------------------------------------------------------------------------------------------------------------------------------+---------+
; File Name with User-Entered Path ; Used in Netlist ; File Type                          ; File Name with Absolute Path                                                                                                           ; Library ;
+----------------------------------+-----------------+------------------------------------+----------------------------------------------------------------------------------------------------------------------------------------+---------+
; Ass1.bdf                         ; yes             ; User Block Diagram/Schematic File  ; C:/Users/Eslam Ashraf/OneDrive - Cairo University - Students/Desktop/Microprocessors/Ass1 Sec 1 BN 13/Execution Unit/Ass1.bdf          ;         ;
; FullAdder.bdf                    ; yes             ; User Block Diagram/Schematic File  ; C:/Users/Eslam Ashraf/OneDrive - Cairo University - Students/Desktop/Microprocessors/Ass1 Sec 1 BN 13/Execution Unit/FullAdder.bdf     ;         ;
; Adder4bit.bdf                    ; yes             ; User Block Diagram/Schematic File  ; C:/Users/Eslam Ashraf/OneDrive - Cairo University - Students/Desktop/Microprocessors/Ass1 Sec 1 BN 13/Execution Unit/Adder4bit.bdf     ;         ;
; ALU.bdf                          ; yes             ; User Block Diagram/Schematic File  ; C:/Users/Eslam Ashraf/OneDrive - Cairo University - Students/Desktop/Microprocessors/Ass1 Sec 1 BN 13/Execution Unit/ALU.bdf           ;         ;
; Rigister.bdf                     ; yes             ; User Block Diagram/Schematic File  ; C:/Users/Eslam Ashraf/OneDrive - Cairo University - Students/Desktop/Microprocessors/Ass1 Sec 1 BN 13/Execution Unit/Rigister.bdf      ;         ;
; destination.bdf                  ; yes             ; User Block Diagram/Schematic File  ; C:/Users/Eslam Ashraf/OneDrive - Cairo University - Students/Desktop/Microprocessors/Ass1 Sec 1 BN 13/Execution Unit/destination.bdf   ;         ;
; SourDest.bdf                     ; yes             ; User Block Diagram/Schematic File  ; C:/Users/Eslam Ashraf/OneDrive - Cairo University - Students/Desktop/Microprocessors/Ass1 Sec 1 BN 13/Execution Unit/SourDest.bdf      ;         ;
; decoder.bdf                      ; yes             ; User Block Diagram/Schematic File  ; C:/Users/Eslam Ashraf/OneDrive - Cairo University - Students/Desktop/Microprocessors/Ass1 Sec 1 BN 13/Execution Unit/decoder.bdf       ;         ;
; EU.bdf                           ; yes             ; User Block Diagram/Schematic File  ; C:/Users/Eslam Ashraf/OneDrive - Cairo University - Students/Desktop/Microprocessors/Ass1 Sec 1 BN 13/Execution Unit/EU.bdf            ;         ;
; ExecutionUnit.bdf                ; yes             ; User Block Diagram/Schematic File  ; C:/Users/Eslam Ashraf/OneDrive - Cairo University - Students/Desktop/Microprocessors/Ass1 Sec 1 BN 13/Execution Unit/ExecutionUnit.bdf ;         ;
; busmux.tdf                       ; yes             ; Megafunction                       ; d:/quartuz/quartus/libraries/megafunctions/busmux.tdf                                                                                  ;         ;
; lpm_mux.inc                      ; yes             ; Megafunction                       ; d:/quartuz/quartus/libraries/megafunctions/lpm_mux.inc                                                                                 ;         ;
; lpm_mux.tdf                      ; yes             ; Megafunction                       ; d:/quartuz/quartus/libraries/megafunctions/lpm_mux.tdf                                                                                 ;         ;
; aglobal181.inc                   ; yes             ; Megafunction                       ; d:/quartuz/quartus/libraries/megafunctions/aglobal181.inc                                                                              ;         ;
; muxlut.inc                       ; yes             ; Megafunction                       ; d:/quartuz/quartus/libraries/megafunctions/muxlut.inc                                                                                  ;         ;
; bypassff.inc                     ; yes             ; Megafunction                       ; d:/quartuz/quartus/libraries/megafunctions/bypassff.inc                                                                                ;         ;
; altshift.inc                     ; yes             ; Megafunction                       ; d:/quartuz/quartus/libraries/megafunctions/altshift.inc                                                                                ;         ;
; db/mux_sjc.tdf                   ; yes             ; Auto-Generated Megafunction        ; C:/Users/Eslam Ashraf/OneDrive - Cairo University - Students/Desktop/Microprocessors/Ass1 Sec 1 BN 13/Execution Unit/db/mux_sjc.tdf    ;         ;
+----------------------------------+-----------------+------------------------------------+----------------------------------------------------------------------------------------------------------------------------------------+---------+


+---------------------------------------------------------+
; Analysis & Synthesis Resource Usage Summary             ;
+---------------------------------------------+-----------+
; Resource                                    ; Usage     ;
+---------------------------------------------+-----------+
; Estimate of Logic utilization (ALMs needed) ; 14        ;
;                                             ;           ;
; Combinational ALUT usage for logic          ; 17        ;
;     -- 7 input functions                    ; 0         ;
;     -- 6 input functions                    ; 10        ;
;     -- 5 input functions                    ; 2         ;
;     -- 4 input functions                    ; 2         ;
;     -- <=3 input functions                  ; 3         ;
;                                             ;           ;
; Dedicated logic registers                   ; 12        ;
;                                             ;           ;
; I/O pins                                    ; 27        ;
;                                             ;           ;
; Total DSP Blocks                            ; 0         ;
;                                             ;           ;
; Maximum fan-out node                        ; clk~input ;
; Maximum fan-out                             ; 12        ;
; Total fan-out                               ; 163       ;
; Average fan-out                             ; 1.96      ;
+---------------------------------------------+-----------+


+----------------------------------------------------------------------------------------------------------------------------------------------------------------------------------------------------------------------------------------------------------------------------------------------------------+
; Analysis & Synthesis Resource Utilization by Entity                                                                                                                                                                                                                                                      ;
+-----------------------------------------------+---------------------+---------------------------+-------------------+------------+------+--------------+------------------------------------------------------------------------------------------------------------------+---------------+--------------+
; Compilation Hierarchy Node                    ; Combinational ALUTs ; Dedicated Logic Registers ; Block Memory Bits ; DSP Blocks ; Pins ; Virtual Pins ; Full Hierarchy Name                                                                                              ; Entity Name   ; Library Name ;
+-----------------------------------------------+---------------------+---------------------------+-------------------+------------+------+--------------+------------------------------------------------------------------------------------------------------------------+---------------+--------------+
; |ExecutionUnit                                ; 17 (0)              ; 12 (0)                    ; 0                 ; 0          ; 27   ; 0            ; |ExecutionUnit                                                                                                   ; ExecutionUnit ; work         ;
;    |EU:inst|                                  ; 17 (0)              ; 12 (0)                    ; 0                 ; 0          ; 0    ; 0            ; |ExecutionUnit|EU:inst                                                                                           ; EU            ; work         ;
;       |ALU:inst3|                             ; 6 (0)               ; 0 (0)                     ; 0                 ; 0          ; 0    ; 0            ; |ExecutionUnit|EU:inst|ALU:inst3                                                                                 ; ALU           ; work         ;
;          |Adder4bit:inst4|                    ; 1 (0)               ; 0 (0)                     ; 0                 ; 0          ; 0    ; 0            ; |ExecutionUnit|EU:inst|ALU:inst3|Adder4bit:inst4                                                                 ; Adder4bit     ; work         ;
;             |FullAdder:inst6|                 ; 1 (1)               ; 0 (0)                     ; 0                 ; 0          ; 0    ; 0            ; |ExecutionUnit|EU:inst|ALU:inst3|Adder4bit:inst4|FullAdder:inst6                                                 ; FullAdder     ; work         ;
;          |Ass1:inst|                          ; 5 (0)               ; 0 (0)                     ; 0                 ; 0          ; 0    ; 0            ; |ExecutionUnit|EU:inst|ALU:inst3|Ass1:inst                                                                       ; Ass1          ; work         ;
;             |busmux:inst2|                    ; 5 (0)               ; 0 (0)                     ; 0                 ; 0          ; 0    ; 0            ; |ExecutionUnit|EU:inst|ALU:inst3|Ass1:inst|busmux:inst2                                                          ; busmux        ; work         ;
;                |lpm_mux:$00000|               ; 5 (0)               ; 0 (0)                     ; 0                 ; 0          ; 0    ; 0            ; |ExecutionUnit|EU:inst|ALU:inst3|Ass1:inst|busmux:inst2|lpm_mux:$00000                                           ; lpm_mux       ; work         ;
;                   |mux_sjc:auto_generated|    ; 5 (5)               ; 0 (0)                     ; 0                 ; 0          ; 0    ; 0            ; |ExecutionUnit|EU:inst|ALU:inst3|Ass1:inst|busmux:inst2|lpm_mux:$00000|mux_sjc:auto_generated                    ; mux_sjc       ; work         ;
;       |Rigister:inst1|                        ; 0 (0)               ; 4 (4)                     ; 0                 ; 0          ; 0    ; 0            ; |ExecutionUnit|EU:inst|Rigister:inst1                                                                            ; Rigister      ; work         ;
;       |Rigister:inst2|                        ; 0 (0)               ; 4 (4)                     ; 0                 ; 0          ; 0    ; 0            ; |ExecutionUnit|EU:inst|Rigister:inst2                                                                            ; Rigister      ; work         ;
;       |Rigister:inst|                         ; 0 (0)               ; 4 (4)                     ; 0                 ; 0          ; 0    ; 0            ; |ExecutionUnit|EU:inst|Rigister:inst                                                                             ; Rigister      ; work         ;
;       |decoder:inst4|                         ; 11 (0)              ; 0 (0)                     ; 0                 ; 0          ; 0    ; 0            ; |ExecutionUnit|EU:inst|decoder:inst4                                                                             ; decoder       ; work         ;
;          |SourDest:inst|                      ; 8 (0)               ; 0 (0)                     ; 0                 ; 0          ; 0    ; 0            ; |ExecutionUnit|EU:inst|decoder:inst4|SourDest:inst                                                               ; SourDest      ; work         ;
;             |Ass1:inst1|                      ; 4 (0)               ; 0 (0)                     ; 0                 ; 0          ; 0    ; 0            ; |ExecutionUnit|EU:inst|decoder:inst4|SourDest:inst|Ass1:inst1                                                    ; Ass1          ; work         ;
;                |busmux:inst2|                 ; 4 (0)               ; 0 (0)                     ; 0                 ; 0          ; 0    ; 0            ; |ExecutionUnit|EU:inst|decoder:inst4|SourDest:inst|Ass1:inst1|busmux:inst2                                       ; busmux        ; work         ;
;                   |lpm_mux:$00000|            ; 4 (0)               ; 0 (0)                     ; 0                 ; 0          ; 0    ; 0            ; |ExecutionUnit|EU:inst|decoder:inst4|SourDest:inst|Ass1:inst1|busmux:inst2|lpm_mux:$00000                        ; lpm_mux       ; work         ;
;                      |mux_sjc:auto_generated| ; 4 (4)               ; 0 (0)                     ; 0                 ; 0          ; 0    ; 0            ; |ExecutionUnit|EU:inst|decoder:inst4|SourDest:inst|Ass1:inst1|busmux:inst2|lpm_mux:$00000|mux_sjc:auto_generated ; mux_sjc       ; work         ;
;             |Ass1:inst|                       ; 4 (0)               ; 0 (0)                     ; 0                 ; 0          ; 0    ; 0            ; |ExecutionUnit|EU:inst|decoder:inst4|SourDest:inst|Ass1:inst                                                     ; Ass1          ; work         ;
;                |busmux:inst2|                 ; 4 (0)               ; 0 (0)                     ; 0                 ; 0          ; 0    ; 0            ; |ExecutionUnit|EU:inst|decoder:inst4|SourDest:inst|Ass1:inst|busmux:inst2                                        ; busmux        ; work         ;
;                   |lpm_mux:$00000|            ; 4 (0)               ; 0 (0)                     ; 0                 ; 0          ; 0    ; 0            ; |ExecutionUnit|EU:inst|decoder:inst4|SourDest:inst|Ass1:inst|busmux:inst2|lpm_mux:$00000                         ; lpm_mux       ; work         ;
;                      |mux_sjc:auto_generated| ; 4 (4)               ; 0 (0)                     ; 0                 ; 0          ; 0    ; 0            ; |ExecutionUnit|EU:inst|decoder:inst4|SourDest:inst|Ass1:inst|busmux:inst2|lpm_mux:$00000|mux_sjc:auto_generated  ; mux_sjc       ; work         ;
;          |destination:inst2|                  ; 3 (3)               ; 0 (0)                     ; 0                 ; 0          ; 0    ; 0            ; |ExecutionUnit|EU:inst|decoder:inst4|destination:inst2                                                           ; destination   ; work         ;
+-----------------------------------------------+---------------------+---------------------------+-------------------+------------+------+--------------+------------------------------------------------------------------------------------------------------------------+---------------+--------------+
Note: For table entries with two numbers listed, the numbers in parentheses indicate the number of resources of the given type used by the specific entity alone. The numbers listed outside of parentheses indicate the total resources of the given type used by the specific entity and all of its sub-entities in the hierarchy.


+------------------------------------------------------+
; General Register Statistics                          ;
+----------------------------------------------+-------+
; Statistic                                    ; Value ;
+----------------------------------------------+-------+
; Total registers                              ; 12    ;
; Number of registers using Synchronous Clear  ; 0     ;
; Number of registers using Synchronous Load   ; 0     ;
; Number of registers using Asynchronous Clear ; 0     ;
; Number of registers using Asynchronous Load  ; 0     ;
; Number of registers using Clock Enable       ; 12    ;
; Number of registers using Preset             ; 0     ;
+----------------------------------------------+-------+


+-----------------------------------------------------------------------------------------------------------------------------------------------------------------------------------------------------------------------------------------------------+
; Multiplexer Restructuring Statistics (Restructuring Performed)                                                                                                                                                                                      ;
+--------------------+-----------+---------------+----------------------+------------------------+------------+---------------------------------------------------------------------------------------------------------------------------------------+
; Multiplexer Inputs ; Bus Width ; Baseline Area ; Area if Restructured ; Saving if Restructured ; Registered ; Example Multiplexer Output                                                                                                            ;
+--------------------+-----------+---------------+----------------------+------------------------+------------+---------------------------------------------------------------------------------------------------------------------------------------+
; 4:1                ; 3 bits    ; 6 LEs         ; 6 LEs                ; 0 LEs                  ; No         ; |ExecutionUnit|EU:inst|ALU:inst3|Ass1:inst|busmux:inst2|lpm_mux:$00000|mux_sjc:auto_generated|l1_w3_n0_mux_dataout                    ;
; 4:1                ; 4 bits    ; 8 LEs         ; 8 LEs                ; 0 LEs                  ; No         ; |ExecutionUnit|EU:inst|decoder:inst4|SourDest:inst|Ass1:inst|busmux:inst2|lpm_mux:$00000|mux_sjc:auto_generated|l1_w0_n0_mux_dataout  ;
; 4:1                ; 4 bits    ; 8 LEs         ; 8 LEs                ; 0 LEs                  ; No         ; |ExecutionUnit|EU:inst|decoder:inst4|SourDest:inst|Ass1:inst1|busmux:inst2|lpm_mux:$00000|mux_sjc:auto_generated|l1_w2_n0_mux_dataout ;
+--------------------+-----------+---------------+----------------------+------------------------+------------+---------------------------------------------------------------------------------------------------------------------------------------+


+-------------------------------------------------------------------+
; Parameter Settings for User Entity Instance: EU:inst|BUSMUX:inst8 ;
+----------------+-------+------------------------------------------+
; Parameter Name ; Value ; Type                                     ;
+----------------+-------+------------------------------------------+
; WIDTH          ; 4     ; Untyped                                  ;
+----------------+-------+------------------------------------------+
Note: In order to hide this table in the UI and the text report file, please set the "Show Parameter Settings in Synthesis Report" option in "Analysis and Synthesis Settings -> More Settings" to "Off".


+---------------------------------------------------------------------------------------------------------+
; Parameter Settings for User Entity Instance: EU:inst|decoder:inst4|SourDest:inst|Ass1:inst|BUSMUX:inst2 ;
+----------------+-------+--------------------------------------------------------------------------------+
; Parameter Name ; Value ; Type                                                                           ;
+----------------+-------+--------------------------------------------------------------------------------+
; WIDTH          ; 4     ; Untyped                                                                        ;
+----------------+-------+--------------------------------------------------------------------------------+
Note: In order to hide this table in the UI and the text report file, please set the "Show Parameter Settings in Synthesis Report" option in "Analysis and Synthesis Settings -> More Settings" to "Off".


+--------------------------------------------------------------------------------------------------------+
; Parameter Settings for User Entity Instance: EU:inst|decoder:inst4|SourDest:inst|Ass1:inst|BUSMUX:inst ;
+----------------+-------+-------------------------------------------------------------------------------+
; Parameter Name ; Value ; Type                                                                          ;
+----------------+-------+-------------------------------------------------------------------------------+
; WIDTH          ; 4     ; Untyped                                                                       ;
+----------------+-------+-------------------------------------------------------------------------------+
Note: In order to hide this table in the UI and the text report file, please set the "Show Parameter Settings in Synthesis Report" option in "Analysis and Synthesis Settings -> More Settings" to "Off".


+---------------------------------------------------------------------------------------------------------+
; Parameter Settings for User Entity Instance: EU:inst|decoder:inst4|SourDest:inst|Ass1:inst|BUSMUX:inst1 ;
+----------------+-------+--------------------------------------------------------------------------------+
; Parameter Name ; Value ; Type                                                                           ;
+----------------+-------+--------------------------------------------------------------------------------+
; WIDTH          ; 4     ; Untyped                                                                        ;
+----------------+-------+--------------------------------------------------------------------------------+
Note: In order to hide this table in the UI and the text report file, please set the "Show Parameter Settings in Synthesis Report" option in "Analysis and Synthesis Settings -> More Settings" to "Off".


+----------------------------------------------------------------------------------------------------------+
; Parameter Settings for User Entity Instance: EU:inst|decoder:inst4|SourDest:inst|Ass1:inst1|BUSMUX:inst2 ;
+----------------+-------+---------------------------------------------------------------------------------+
; Parameter Name ; Value ; Type                                                                            ;
+----------------+-------+---------------------------------------------------------------------------------+
; WIDTH          ; 4     ; Untyped                                                                         ;
+----------------+-------+---------------------------------------------------------------------------------+
Note: In order to hide this table in the UI and the text report file, please set the "Show Parameter Settings in Synthesis Report" option in "Analysis and Synthesis Settings -> More Settings" to "Off".


+---------------------------------------------------------------------------------------------------------+
; Parameter Settings for User Entity Instance: EU:inst|decoder:inst4|SourDest:inst|Ass1:inst1|BUSMUX:inst ;
+----------------+-------+--------------------------------------------------------------------------------+
; Parameter Name ; Value ; Type                                                                           ;
+----------------+-------+--------------------------------------------------------------------------------+
; WIDTH          ; 4     ; Untyped                                                                        ;
+----------------+-------+--------------------------------------------------------------------------------+
Note: In order to hide this table in the UI and the text report file, please set the "Show Parameter Settings in Synthesis Report" option in "Analysis and Synthesis Settings -> More Settings" to "Off".


+----------------------------------------------------------------------------------------------------------+
; Parameter Settings for User Entity Instance: EU:inst|decoder:inst4|SourDest:inst|Ass1:inst1|BUSMUX:inst1 ;
+----------------+-------+---------------------------------------------------------------------------------+
; Parameter Name ; Value ; Type                                                                            ;
+----------------+-------+---------------------------------------------------------------------------------+
; WIDTH          ; 4     ; Untyped                                                                         ;
+----------------+-------+---------------------------------------------------------------------------------+
Note: In order to hide this table in the UI and the text report file, please set the "Show Parameter Settings in Synthesis Report" option in "Analysis and Synthesis Settings -> More Settings" to "Off".


+-------------------------------------------------------------------+
; Parameter Settings for User Entity Instance: EU:inst|BUSMUX:inst6 ;
+----------------+-------+------------------------------------------+
; Parameter Name ; Value ; Type                                     ;
+----------------+-------+------------------------------------------+
; WIDTH          ; 4     ; Untyped                                  ;
+----------------+-------+------------------------------------------+
Note: In order to hide this table in the UI and the text report file, please set the "Show Parameter Settings in Synthesis Report" option in "Analysis and Synthesis Settings -> More Settings" to "Off".


+---------------------------------------------------------------------------------------+
; Parameter Settings for User Entity Instance: EU:inst|ALU:inst3|Ass1:inst|BUSMUX:inst2 ;
+----------------+-------+--------------------------------------------------------------+
; Parameter Name ; Value ; Type                                                         ;
+----------------+-------+--------------------------------------------------------------+
; WIDTH          ; 4     ; Untyped                                                      ;
+----------------+-------+--------------------------------------------------------------+
Note: In order to hide this table in the UI and the text report file, please set the "Show Parameter Settings in Synthesis Report" option in "Analysis and Synthesis Settings -> More Settings" to "Off".


+--------------------------------------------------------------------------------------+
; Parameter Settings for User Entity Instance: EU:inst|ALU:inst3|Ass1:inst|BUSMUX:inst ;
+----------------+-------+-------------------------------------------------------------+
; Parameter Name ; Value ; Type                                                        ;
+----------------+-------+-------------------------------------------------------------+
; WIDTH          ; 4     ; Untyped                                                     ;
+----------------+-------+-------------------------------------------------------------+
Note: In order to hide this table in the UI and the text report file, please set the "Show Parameter Settings in Synthesis Report" option in "Analysis and Synthesis Settings -> More Settings" to "Off".


+---------------------------------------------------------------------------------------+
; Parameter Settings for User Entity Instance: EU:inst|ALU:inst3|Ass1:inst|BUSMUX:inst1 ;
+----------------+-------+--------------------------------------------------------------+
; Parameter Name ; Value ; Type                                                         ;
+----------------+-------+--------------------------------------------------------------+
; WIDTH          ; 4     ; Untyped                                                      ;
+----------------+-------+--------------------------------------------------------------+
Note: In order to hide this table in the UI and the text report file, please set the "Show Parameter Settings in Synthesis Report" option in "Analysis and Synthesis Settings -> More Settings" to "Off".


+-------------------------------------------------------------------+
; Parameter Settings for User Entity Instance: EU:inst|BUSMUX:inst5 ;
+----------------+-------+------------------------------------------+
; Parameter Name ; Value ; Type                                     ;
+----------------+-------+------------------------------------------+
; WIDTH          ; 4     ; Untyped                                  ;
+----------------+-------+------------------------------------------+
Note: In order to hide this table in the UI and the text report file, please set the "Show Parameter Settings in Synthesis Report" option in "Analysis and Synthesis Settings -> More Settings" to "Off".


+-----------------------------------------------------+
; Post-Synthesis Netlist Statistics for Top Partition ;
+-----------------------+-----------------------------+
; Type                  ; Count                       ;
+-----------------------+-----------------------------+
; arriav_ff             ; 12                          ;
;     ENA               ; 12                          ;
; arriav_lcell_comb     ; 17                          ;
;     normal            ; 17                          ;
;         2 data inputs ; 3                           ;
;         4 data inputs ; 2                           ;
;         5 data inputs ; 2                           ;
;         6 data inputs ; 10                          ;
; boundary_port         ; 27                          ;
;                       ;                             ;
; Max LUT depth         ; 3.00                        ;
; Average LUT depth     ; 2.48                        ;
+-----------------------+-----------------------------+


+-------------------------------+
; Elapsed Time Per Partition    ;
+----------------+--------------+
; Partition Name ; Elapsed Time ;
+----------------+--------------+
; Top            ; 00:00:03     ;
+----------------+--------------+


+-------------------------------+
; Analysis & Synthesis Messages ;
+-------------------------------+
Info: *******************************************************************
Info: Running Quartus Prime Analysis & Synthesis
    Info: Version 18.1.0 Build 625 09/12/2018 SJ Lite Edition
    Info: Processing started: Mon Nov 15 13:55:43 2021
Info: Command: quartus_map --read_settings_files=on --write_settings_files=off Ass1 -c Ass1
Warning (18236): Number of processors has not been specified which may cause overloading on shared machines.  Set the global assignment NUM_PARALLEL_PROCESSORS in your QSF to an appropriate value for best performance.
Info (20030): Parallel compilation is enabled and will use 6 of the 6 processors detected
Info (12021): Found 1 design units, including 1 entities, in source file ass1.bdf
    Info (12023): Found entity 1: Ass1
Info (12021): Found 1 design units, including 1 entities, in source file fulladder.bdf
    Info (12023): Found entity 1: FullAdder
Info (12021): Found 1 design units, including 1 entities, in source file adder4bit.bdf
    Info (12023): Found entity 1: Adder4bit
Info (12021): Found 1 design units, including 1 entities, in source file alu.bdf
    Info (12023): Found entity 1: ALU
Info (12021): Found 1 design units, including 1 entities, in source file ass1 2.bdf
    Info (12023): Found entity 1: Ass1 2
Info (12021): Found 1 design units, including 1 entities, in source file sol.bdf
    Info (12023): Found entity 1: sol
Info (12021): Found 1 design units, including 1 entities, in source file rigister.bdf
    Info (12023): Found entity 1: Rigister
Info (12021): Found 1 design units, including 1 entities, in source file destination.bdf
    Info (12023): Found entity 1: destination
Info (12021): Found 1 design units, including 1 entities, in source file sourdest.bdf
    Info (12023): Found entity 1: SourDest
Info (12021): Found 1 design units, including 1 entities, in source file decoder.bdf
    Info (12023): Found entity 1: decoder
Info (12021): Found 1 design units, including 1 entities, in source file eu.bdf
    Info (12023): Found entity 1: EU
Info (12021): Found 1 design units, including 1 entities, in source file executionunit.bdf
    Info (12023): Found entity 1: ExecutionUnit
Info (12127): Elaborating entity "ExecutionUnit" for the top level hierarchy
Info (12128): Elaborating entity "EU" for hierarchy "EU:inst"
Info (12128): Elaborating entity "Rigister" for hierarchy "EU:inst|Rigister:inst"
Info (12128): Elaborating entity "BUSMUX" for hierarchy "EU:inst|BUSMUX:inst8"
Info (12130): Elaborated megafunction instantiation "EU:inst|BUSMUX:inst8"
Info (12133): Instantiated megafunction "EU:inst|BUSMUX:inst8" with the following parameter:
    Info (12134): Parameter "WIDTH" = "4"
Info (12128): Elaborating entity "lpm_mux" for hierarchy "EU:inst|BUSMUX:inst8|lpm_mux:$00000" File: d:/quartuz/quartus/libraries/megafunctions/busmux.tdf Line: 43
Info (12131): Elaborated megafunction instantiation "EU:inst|BUSMUX:inst8|lpm_mux:$00000", which is child of megafunction instantiation "EU:inst|BUSMUX:inst8" File: d:/quartuz/quartus/libraries/megafunctions/busmux.tdf Line: 43
Info (12021): Found 1 design units, including 1 entities, in source file db/mux_sjc.tdf
    Info (12023): Found entity 1: mux_sjc File: C:/Users/Eslam Ashraf/OneDrive - Cairo University - Students/Desktop/Microprocessors/Ass1 Sec 1 BN 13/Execution Unit/db/mux_sjc.tdf Line: 22
Info (12128): Elaborating entity "mux_sjc" for hierarchy "EU:inst|BUSMUX:inst8|lpm_mux:$00000|mux_sjc:auto_generated" File: d:/quartuz/quartus/libraries/megafunctions/lpm_mux.tdf Line: 86
Info (12128): Elaborating entity "decoder" for hierarchy "EU:inst|decoder:inst4"
Info (12128): Elaborating entity "destination" for hierarchy "EU:inst|decoder:inst4|destination:inst2"
Info (12128): Elaborating entity "SourDest" for hierarchy "EU:inst|decoder:inst4|SourDest:inst"
Info (12128): Elaborating entity "Ass1" for hierarchy "EU:inst|decoder:inst4|SourDest:inst|Ass1:inst"
Info (12128): Elaborating entity "ALU" for hierarchy "EU:inst|ALU:inst3"
Info (12128): Elaborating entity "Adder4bit" for hierarchy "EU:inst|ALU:inst3|Adder4bit:inst4"
Info (12128): Elaborating entity "FullAdder" for hierarchy "EU:inst|ALU:inst3|Adder4bit:inst4|FullAdder:inst8"
Info (286030): Timing-Driven Synthesis is running
Info (16010): Generating hard_block partition "hard_block:auto_generated_inst"
    Info (16011): Adding 0 node(s), including 0 DDIO, 0 PLL, 0 transceiver and 0 LCELL
Info (21057): Implemented 56 device resources after synthesis - the final resource count might be different
    Info (21058): Implemented 11 input pins
    Info (21059): Implemented 16 output pins
    Info (21061): Implemented 29 logic cells
Info: Quartus Prime Analysis & Synthesis was successful. 0 errors, 1 warning
    Info: Peak virtual memory: 4854 megabytes
    Info: Processing ended: Mon Nov 15 13:56:18 2021
    Info: Elapsed time: 00:00:35
    Info: Total CPU time (on all processors): 00:00:46


