Flow report for Ass1
Mon Nov 15 15:12:12 2021
Quartus Prime Version 18.1.0 Build 625 09/12/2018 SJ Lite Edition


---------------------
; Table of Contents ;
---------------------
  1. Legal Notice
  2. Flow Summary
  3. Flow Settings
  4. Flow Non-Default Global Settings
  5. Flow Elapsed Time
  6. Flow OS Summary
  7. Flow Log
  8. Flow Messages
  9. Flow Suppressed Messages



----------------
; Legal Notice ;
----------------
Copyright (C) 2018  Intel Corporation. All rights reserved.
Your use of Intel Corporation's design tools, logic functions 
and other software and tools, and its AMPP partner logic 
functions, and any output files from any of the foregoing 
(including device programming or simulation files), and any 
associated documentation or information are expressly subject 
to the terms and conditions of the Intel Program License 
Subscription Agreement, the Intel Quartus Prime License Agreement,
the Intel FPGA IP License Agreement, or other applicable license
agreement, including, without limitation, that your use is for
the sole purpose of programming logic devices manufactured by
Intel and sold by Intel or its authorized distributors.  Please
refer to the applicable agreement for further details.



+-------------------------------------------------------------------------------+
; Flow Summary                                                                  ;
+---------------------------------+---------------------------------------------+
; Flow Status                     ; Successful - Mon Nov 15 15:12:12 2021       ;
; Quartus Prime Version           ; 18.1.0 Build 625 09/12/2018 SJ Lite Edition ;
; Revision Name                   ; Ass1                                        ;
; Top-level Entity Name           ; ExecutionUnit                               ;
; Family                          ; Cyclone V                                   ;
; Device                          ; 5CSEMA5F31C6                                ;
; Timing Models                   ; Final                                       ;
; Logic utilization (in ALMs)     ; 14 / 32,070 ( < 1 % )                       ;
; Total registers                 ; 12                                          ;
; Total pins                      ; 27 / 457 ( 6 % )                            ;
; Total virtual pins              ; 0                                           ;
; Total block memory bits         ; 0 / 4,065,280 ( 0 % )                       ;
; Total DSP Blocks                ; 0 / 87 ( 0 % )                              ;
; Total HSSI RX PCSs              ; 0                                           ;
; Total HSSI PMA RX Deserializers ; 0                                           ;
; Total HSSI TX PCSs              ; 0                                           ;
; Total HSSI PMA TX Serializers   ; 0                                           ;
; Total PLLs                      ; 0 / 6 ( 0 % )                               ;
; Total DLLs                      ; 0 / 4 ( 0 % )                               ;
+---------------------------------+---------------------------------------------+


+-----------------------------------------+
; Flow Settings                           ;
+-------------------+---------------------+
; Option            ; Setting             ;
+-------------------+---------------------+
; Start date & time ; 11/15/2021 13:55:46 ;
; Main task         ; Compilation         ;
; Revision Name     ; Ass1                ;
+-------------------+---------------------+


+---------------------------------------------------------------------------------------------------------------------------+
; Flow Non-Default Global Settings                                                                                          ;
+-------------------------------------+----------------------------------------+---------------+---------------+------------+
; Assignment Name                     ; Value                                  ; Default Value ; Entity Name   ; Section Id ;
+-------------------------------------+----------------------------------------+---------------+---------------+------------+
; COMPILER_SIGNATURE_ID               ; 273184155579308.163697734528296        ; --            ; --            ; --         ;
; PARTITION_COLOR                     ; -- (Not supported for targeted family) ; --            ; ExecutionUnit ; Top        ;
; PARTITION_FITTER_PRESERVATION_LEVEL ; -- (Not supported for targeted family) ; --            ; ExecutionUnit ; Top        ;
; PARTITION_NETLIST_TYPE              ; -- (Not supported for targeted family) ; --            ; ExecutionUnit ; Top        ;
; PROJECT_OUTPUT_DIRECTORY            ; output_files                           ; --            ; --            ; --         ;
; TOP_LEVEL_ENTITY                    ; ExecutionUnit                          ; Ass1          ; --            ; --         ;
+-------------------------------------+----------------------------------------+---------------+---------------+------------+


+--------------------------------------------------------------------------------------------------------------------------+
; Flow Elapsed Time                                                                                                        ;
+----------------------+--------------+-------------------------+---------------------+------------------------------------+
; Module Name          ; Elapsed Time ; Average Processors Used ; Peak Virtual Memory ; Total CPU Time (on all processors) ;
+----------------------+--------------+-------------------------+---------------------+------------------------------------+
; Analysis & Synthesis ; 00:00:32     ; 1.0                     ; 4854 MB             ; 00:00:45                           ;
; Fitter               ; 00:01:37     ; 1.0                     ; 6812 MB             ; 00:03:02                           ;
; Assembler            ; 00:00:15     ; 1.0                     ; 4830 MB             ; 00:00:14                           ;
; Timing Analyzer      ; 00:00:12     ; 1.0                     ; 5149 MB             ; 00:00:10                           ;
; EDA Netlist Writer   ; 00:00:03     ; 1.0                     ; 4706 MB             ; 00:00:02                           ;
; EDA Netlist Writer   ; 00:00:02     ; 1.0                     ; 4714 MB             ; 00:00:03                           ;
; EDA Netlist Writer   ; 00:00:03     ; 1.0                     ; 4706 MB             ; 00:00:02                           ;
; EDA Netlist Writer   ; 00:00:03     ; 1.0                     ; 4714 MB             ; 00:00:03                           ;
; EDA Netlist Writer   ; 00:00:02     ; 1.0                     ; 4706 MB             ; 00:00:02                           ;
; EDA Netlist Writer   ; 00:00:03     ; 1.0                     ; 4714 MB             ; 00:00:03                           ;
; EDA Netlist Writer   ; 00:00:02     ; 1.0                     ; 4706 MB             ; 00:00:02                           ;
; EDA Netlist Writer   ; 00:00:03     ; 1.0                     ; 4715 MB             ; 00:00:03                           ;
; EDA Netlist Writer   ; 00:00:03     ; 1.0                     ; 4706 MB             ; 00:00:02                           ;
; EDA Netlist Writer   ; 00:00:03     ; 1.0                     ; 4715 MB             ; 00:00:03                           ;
; EDA Netlist Writer   ; 00:00:02     ; 1.0                     ; 4706 MB             ; 00:00:02                           ;
; EDA Netlist Writer   ; 00:00:03     ; 1.0                     ; 4715 MB             ; 00:00:03                           ;
; EDA Netlist Writer   ; 00:00:03     ; 1.0                     ; 4706 MB             ; 00:00:02                           ;
; EDA Netlist Writer   ; 00:00:03     ; 1.0                     ; 4715 MB             ; 00:00:03                           ;
; EDA Netlist Writer   ; 00:00:02     ; 1.0                     ; 4706 MB             ; 00:00:02                           ;
; EDA Netlist Writer   ; 00:00:03     ; 1.0                     ; 4715 MB             ; 00:00:03                           ;
; EDA Netlist Writer   ; 00:00:03     ; 1.0                     ; 4706 MB             ; 00:00:02                           ;
; EDA Netlist Writer   ; 00:00:03     ; 1.0                     ; 4715 MB             ; 00:00:03                           ;
; EDA Netlist Writer   ; 00:00:05     ; 1.0                     ; 4706 MB             ; 00:00:03                           ;
; EDA Netlist Writer   ; 00:00:03     ; 1.0                     ; 4715 MB             ; 00:00:03                           ;
; Total                ; 00:03:33     ; --                      ; --                  ; 00:05:02                           ;
+----------------------+--------------+-------------------------+---------------------+------------------------------------+


+------------------------------------------------------------------------------------+
; Flow OS Summary                                                                    ;
+----------------------+------------------+------------+------------+----------------+
; Module Name          ; Machine Hostname ; OS Name    ; OS Version ; Processor type ;
+----------------------+------------------+------------+------------+----------------+
; Analysis & Synthesis ; LAPTOP-V90LRFKP  ; Windows 10 ; 10.0       ; x86_64         ;
; Fitter               ; LAPTOP-V90LRFKP  ; Windows 10 ; 10.0       ; x86_64         ;
; Assembler            ; LAPTOP-V90LRFKP  ; Windows 10 ; 10.0       ; x86_64         ;
; Timing Analyzer      ; LAPTOP-V90LRFKP  ; Windows 10 ; 10.0       ; x86_64         ;
; EDA Netlist Writer   ; LAPTOP-V90LRFKP  ; Windows 10 ; 10.0       ; x86_64         ;
; EDA Netlist Writer   ; LAPTOP-V90LRFKP  ; Windows 10 ; 10.0       ; x86_64         ;
; EDA Netlist Writer   ; LAPTOP-V90LRFKP  ; Windows 10 ; 10.0       ; x86_64         ;
; EDA Netlist Writer   ; LAPTOP-V90LRFKP  ; Windows 10 ; 10.0       ; x86_64         ;
; EDA Netlist Writer   ; LAPTOP-V90LRFKP  ; Windows 10 ; 10.0       ; x86_64         ;
; EDA Netlist Writer   ; LAPTOP-V90LRFKP  ; Windows 10 ; 10.0       ; x86_64         ;
; EDA Netlist Writer   ; LAPTOP-V90LRFKP  ; Windows 10 ; 10.0       ; x86_64         ;
; EDA Netlist Writer   ; LAPTOP-V90LRFKP  ; Windows 10 ; 10.0       ; x86_64         ;
; EDA Netlist Writer   ; LAPTOP-V90LRFKP  ; Windows 10 ; 10.0       ; x86_64         ;
; EDA Netlist Writer   ; LAPTOP-V90LRFKP  ; Windows 10 ; 10.0       ; x86_64         ;
; EDA Netlist Writer   ; LAPTOP-V90LRFKP  ; Windows 10 ; 10.0       ; x86_64         ;
; EDA Netlist Writer   ; LAPTOP-V90LRFKP  ; Windows 10 ; 10.0       ; x86_64         ;
; EDA Netlist Writer   ; LAPTOP-V90LRFKP  ; Windows 10 ; 10.0       ; x86_64         ;
; EDA Netlist Writer   ; LAPTOP-V90LRFKP  ; Windows 10 ; 10.0       ; x86_64         ;
; EDA Netlist Writer   ; LAPTOP-V90LRFKP  ; Windows 10 ; 10.0       ; x86_64         ;
; EDA Netlist Writer   ; LAPTOP-V90LRFKP  ; Windows 10 ; 10.0       ; x86_64         ;
; EDA Netlist Writer   ; LAPTOP-V90LRFKP  ; Windows 10 ; 10.0       ; x86_64         ;
; EDA Netlist Writer   ; LAPTOP-V90LRFKP  ; Windows 10 ; 10.0       ; x86_64         ;
; EDA Netlist Writer   ; LAPTOP-V90LRFKP  ; Windows 10 ; 10.0       ; x86_64         ;
; EDA Netlist Writer   ; LAPTOP-V90LRFKP  ; Windows 10 ; 10.0       ; x86_64         ;
+----------------------+------------------+------------+------------+----------------+


------------
; Flow Log ;
------------
quartus_map --read_settings_files=on --write_settings_files=off Ass1 -c Ass1
quartus_fit --read_settings_files=off --write_settings_files=off Ass1 -c Ass1
quartus_asm --read_settings_files=off --write_settings_files=off Ass1 -c Ass1
quartus_sta Ass1 -c Ass1
quartus_eda --gen_testbench --tool=modelsim_oem --format=verilog --write_settings_files=off Ass1 -c Ass1 --vector_source="C:/Users/Eslam Ashraf/OneDrive - Cairo University - Students/Desktop/Microprocessors/Ass1 Sec 1 BN 13/Execution Unit/Waveform13.vwf" --testbench_file="C:/Users/Eslam Ashraf/OneDrive - Cairo University - Students/Desktop/Microprocessors/Ass1 Sec 1 BN 13/Execution Unit/simulation/qsim/Waveform13.vwf.vt"
quartus_eda --write_settings_files=off --simulation=on --functional=on --flatten_buses=off --tool=modelsim_oem --format=verilog --output_directory="C:/Users/Eslam Ashraf/OneDrive - Cairo University - Students/Desktop/Microprocessors/Ass1 Sec 1 BN 13/Execution Unit/simulation/qsim/" Ass1 -c Ass1
quartus_eda --gen_testbench --tool=modelsim_oem --format=verilog --write_settings_files=off Ass1 -c Ass1 --vector_source="C:/Users/Eslam Ashraf/OneDrive - Cairo University - Students/Desktop/Microprocessors/Ass1 Sec 1 BN 13/Execution Unit/Waveform13.vwf" --testbench_file="C:/Users/Eslam Ashraf/OneDrive - Cairo University - Students/Desktop/Microprocessors/Ass1 Sec 1 BN 13/Execution Unit/simulation/qsim/Waveform13.vwf.vt"
quartus_eda --write_settings_files=off --simulation=on --functional=on --flatten_buses=off --tool=modelsim_oem --format=verilog --output_directory="C:/Users/Eslam Ashraf/OneDrive - Cairo University - Students/Desktop/Microprocessors/Ass1 Sec 1 BN 13/Execution Unit/simulation/qsim/" Ass1 -c Ass1
quartus_eda --gen_testbench --tool=modelsim_oem --format=verilog --write_settings_files=off Ass1 -c Ass1 --vector_source="C:/Users/Eslam Ashraf/OneDrive - Cairo University - Students/Desktop/Microprocessors/Ass1 Sec 1 BN 13/Execution Unit/Waveform13.vwf" --testbench_file="C:/Users/Eslam Ashraf/OneDrive - Cairo University - Students/Desktop/Microprocessors/Ass1 Sec 1 BN 13/Execution Unit/simulation/qsim/Waveform13.vwf.vt"
quartus_eda --write_settings_files=off --simulation=on --functional=on --flatten_buses=off --tool=modelsim_oem --format=verilog --output_directory="C:/Users/Eslam Ashraf/OneDrive - Cairo University - Students/Desktop/Microprocessors/Ass1 Sec 1 BN 13/Execution Unit/simulation/qsim/" Ass1 -c Ass1
quartus_eda --gen_testbench --tool=modelsim_oem --format=verilog --write_settings_files=off Ass1 -c Ass1 --vector_source="C:/Users/Eslam Ashraf/OneDrive - Cairo University - Students/Desktop/Microprocessors/Ass1 Sec 1 BN 13/Execution Unit/Waveform13.vwf" --testbench_file="C:/Users/Eslam Ashraf/OneDrive - Cairo University - Students/Desktop/Microprocessors/Ass1 Sec 1 BN 13/Execution Unit/simulation/qsim/Waveform13.vwf.vt"
quartus_eda --write_settings_files=off --simulation=on --functional=on --flatten_buses=off --tool=modelsim_oem --format=verilog --output_directory="C:/Users/Eslam Ashraf/OneDrive - Cairo University - Students/Desktop/Microprocessors/Ass1 Sec 1 BN 13/Execution Unit/simulation/qsim/" Ass1 -c Ass1
quartus_eda --gen_testbench --tool=modelsim_oem --format=verilog --write_settings_files=off Ass1 -c Ass1 --vector_source="C:/Users/Eslam Ashraf/OneDrive - Cairo University - Students/Desktop/Microprocessors/Ass1 Sec 1 BN 13/Execution Unit/Waveform13.vwf" --testbench_file="C:/Users/Eslam Ashraf/OneDrive - Cairo University - Students/Desktop/Microprocessors/Ass1 Sec 1 BN 13/Execution Unit/simulation/qsim/Waveform13.vwf.vt"
quartus_eda --write_settings_files=off --simulation=on --functional=on --flatten_buses=off --tool=modelsim_oem --format=verilog --output_directory="C:/Users/Eslam Ashraf/OneDrive - Cairo University - Students/Desktop/Microprocessors/Ass1 Sec 1 BN 13/Execution Unit/simulation/qsim/" Ass1 -c Ass1
quartus_eda --gen_testbench --tool=modelsim_oem --format=verilog --write_settings_files=off Ass1 -c Ass1 --vector_source="C:/Users/Eslam Ashraf/OneDrive - Cairo University - Students/Desktop/Microprocessors/Ass1 Sec 1 BN 13/Execution Unit/Waveform13.vwf" --testbench_file="C:/Users/Eslam Ashraf/OneDrive - Cairo University - Students/Desktop/Microprocessors/Ass1 Sec 1 BN 13/Execution Unit/simulation/qsim/Waveform13.vwf.vt"
quartus_eda --write_settings_files=off --simulation=on --functional=on --flatten_buses=off --tool=modelsim_oem --format=verilog --output_directory="C:/Users/Eslam Ashraf/OneDrive - Cairo University - Students/Desktop/Microprocessors/Ass1 Sec 1 BN 13/Execution Unit/simulation/qsim/" Ass1 -c Ass1
quartus_eda --gen_testbench --tool=modelsim_oem --format=verilog --write_settings_files=off Ass1 -c Ass1 --vector_source="C:/Users/Eslam Ashraf/OneDrive - Cairo University - Students/Desktop/Microprocessors/Ass1 Sec 1 BN 13/Execution Unit/Waveform13.vwf" --testbench_file="C:/Users/Eslam Ashraf/OneDrive - Cairo University - Students/Desktop/Microprocessors/Ass1 Sec 1 BN 13/Execution Unit/simulation/qsim/Waveform13.vwf.vt"
quartus_eda --write_settings_files=off --simulation=on --functional=on --flatten_buses=off --tool=modelsim_oem --format=verilog --output_directory="C:/Users/Eslam Ashraf/OneDrive - Cairo University - Students/Desktop/Microprocessors/Ass1 Sec 1 BN 13/Execution Unit/simulation/qsim/" Ass1 -c Ass1
quartus_eda --gen_testbench --tool=modelsim_oem --format=verilog --write_settings_files=off Ass1 -c Ass1 --vector_source="C:/Users/Eslam Ashraf/OneDrive - Cairo University - Students/Desktop/Microprocessors/Ass1 Sec 1 BN 13/Execution Unit/Waveform13.vwf" --testbench_file="C:/Users/Eslam Ashraf/OneDrive - Cairo University - Students/Desktop/Microprocessors/Ass1 Sec 1 BN 13/Execution Unit/simulation/qsim/Waveform13.vwf.vt"
quartus_eda --write_settings_files=off --simulation=on --functional=on --flatten_buses=off --tool=modelsim_oem --format=verilog --output_directory="C:/Users/Eslam Ashraf/OneDrive - Cairo University - Students/Desktop/Microprocessors/Ass1 Sec 1 BN 13/Execution Unit/simulation/qsim/" Ass1 -c Ass1
quartus_eda --gen_testbench --tool=modelsim_oem --format=verilog --write_settings_files=off Ass1 -c Ass1 --vector_source="C:/Users/Eslam Ashraf/OneDrive - Cairo University - Students/Desktop/Microprocessors/Ass1 Sec 1 BN 13/Execution Unit/Waveform13.vwf" --testbench_file="C:/Users/Eslam Ashraf/OneDrive - Cairo University - Students/Desktop/Microprocessors/Ass1 Sec 1 BN 13/Execution Unit/simulation/qsim/Waveform13.vwf.vt"
quartus_eda --write_settings_files=off --simulation=on --functional=on --flatten_buses=off --tool=modelsim_oem --format=verilog --output_directory="C:/Users/Eslam Ashraf/OneDrive - Cairo University - Students/Desktop/Microprocessors/Ass1 Sec 1 BN 13/Execution Unit/simulation/qsim/" Ass1 -c Ass1
quartus_eda --gen_testbench --tool=modelsim_oem --format=verilog --write_settings_files=off Ass1 -c Ass1 --vector_source="C:/Users/Eslam Ashraf/OneDrive - Cairo University - Students/Desktop/Microprocessors/Ass1 Sec 1 BN 13/Execution Unit/Waveform13.vwf" --testbench_file="C:/Users/Eslam Ashraf/OneDrive - Cairo University - Students/Desktop/Microprocessors/Ass1 Sec 1 BN 13/Execution Unit/simulation/qsim/Waveform13.vwf.vt"
quartus_eda --write_settings_files=off --simulation=on --functional=on --flatten_buses=off --tool=modelsim_oem --format=verilog --output_directory="C:/Users/Eslam Ashraf/OneDrive - Cairo University - Students/Desktop/Microprocessors/Ass1 Sec 1 BN 13/Execution Unit/simulation/qsim/" Ass1 -c Ass1



